// Jest Snapshot v1, https://goo.gl/fbAQLP

exports[`csvToWordPressTimetable converts csv to wordpress timetable 1`] = `
"<?xml version=\\"1.0\\" encoding=\\"UTF-8\\"?>
<rss version=\\"2.0\\" xmlns:excerpt=\\"http://wordpress.org/export/1.2/excerpt/\\" xmlns:content=\\"http://purl.org/rss/1.0/modules/content/\\" xmlns:wfw=\\"http://wellformedweb.org/CommentAPI/\\" xmlns:dc=\\"http://purl.org/dc/elements/1.1/\\" xmlns:wp=\\"http://wordpress.org/export/1.2/\\">
  <channel>
    <title>Turn- und Sportverein Eintracht Wiesbaden 1846 J.P.</title>
    <link>https://test.eintracht-wiesbaden.de</link>
    <description>TuS Eintracht Wiesbaden J.P. - Sportverein in Wiesbaden</description>
    <pubDate>Mon, 19 Jul 2021 19:31:39 +0000</pubDate>
    <language>de-DE</language>
    <wp:wxr_version>1.2</wp:wxr_version>
    <wp:base_site_url>https://test.eintracht-wiesbaden.de</wp:base_site_url>
    <wp:base_blog_url>https://test.eintracht-wiesbaden.de</wp:base_blog_url>
    <wp:author>
      <wp:author_id>1</wp:author_id>
      <wp:author_login><![CDATA[admin]]></wp:author_login>
      <wp:author_email><![CDATA[gerro_den@gmx.de]]></wp:author_email>
      <wp:author_display_name><![CDATA[admin]]></wp:author_display_name>
      <wp:author_first_name/>
      <wp:author_last_name/>
    </wp:author>
    <generator>https://wordpress.org/?v=5.7.2</generator>
    <image>
      <url>https://test.eintracht-wiesbaden.de/wp-content/uploads/2019/11/cropped-logo-2-32x32.png</url>
      <title>Turn- und Sportverein Eintracht Wiesbaden 1846 J.P.</title>
      <link>https://test.eintracht-wiesbaden.de</link>
      <width>32</width>
      <height>32</height>
    </image>
    <item>
      <title>Montags</title>
      <link>https://test.eintracht-wiesbaden.de/timetable/column/montags/</link>
      <pubDate>Sun, 11 Jul 2021 18:41:00 +0000</pubDate>
      <dc:creator><![CDATA[admin]]></dc:creator>
      <guid isPermaLink=\\"false\\">https://test.eintracht-wiesbaden.de/?post_type=mp-column&amp;amp;#038;p=3033</guid>
      <description/>
      <content:encoded/>
      <excerpt:encoded/>
      <wp:post_id>3033</wp:post_id>
      <wp:post_date><![CDATA[2021-07-11 20:41:00]]></wp:post_date>
      <wp:post_date_gmt><![CDATA[2021-07-11 18:41:00]]></wp:post_date_gmt>
      <wp:comment_status><![CDATA[closed]]></wp:comment_status>
      <wp:ping_status><![CDATA[closed]]></wp:ping_status>
      <wp:post_name><![CDATA[montags]]></wp:post_name>
      <wp:status><![CDATA[publish]]></wp:status>
      <wp:post_parent>0</wp:post_parent>
      <wp:menu_order>0</wp:menu_order>
      <wp:post_type><![CDATA[mp-column]]></wp:post_type>
      <wp:post_password/>
      <wp:is_sticky>0</wp:is_sticky>
      <wp:postmeta>
        <wp:meta_key><![CDATA[_edit_last]]></wp:meta_key>
        <wp:meta_value><![CDATA[1]]></wp:meta_value>
      </wp:postmeta>
      <wp:postmeta>
        <wp:meta_key><![CDATA[column_option]]></wp:meta_key>
        <wp:meta_value><![CDATA[weekday]]></wp:meta_value>
      </wp:postmeta>
      <wp:postmeta>
        <wp:meta_key><![CDATA[weekday]]></wp:meta_key>
        <wp:meta_value><![CDATA[monday]]></wp:meta_value>
      </wp:postmeta>
    </item>
    <item>
      <title>Dienstags</title>
      <link>https://test.eintracht-wiesbaden.de/timetable/column/dienstags/</link>
      <pubDate>Sun, 11 Jul 2021 18:41:29 +0000</pubDate>
      <dc:creator><![CDATA[admin]]></dc:creator>
      <guid isPermaLink=\\"false\\">https://test.eintracht-wiesbaden.de/?post_type=mp-column&amp;amp;#038;p=3034</guid>
      <description/>
      <content:encoded/>
      <excerpt:encoded/>
      <wp:post_id>3034</wp:post_id>
      <wp:post_date><![CDATA[2021-07-11 20:41:29]]></wp:post_date>
      <wp:post_date_gmt><![CDATA[2021-07-11 18:41:29]]></wp:post_date_gmt>
      <wp:comment_status><![CDATA[closed]]></wp:comment_status>
      <wp:ping_status><![CDATA[closed]]></wp:ping_status>
      <wp:post_name><![CDATA[dienstags]]></wp:post_name>
      <wp:status><![CDATA[publish]]></wp:status>
      <wp:post_parent>0</wp:post_parent>
      <wp:menu_order>0</wp:menu_order>
      <wp:post_type><![CDATA[mp-column]]></wp:post_type>
      <wp:post_password/>
      <wp:is_sticky>0</wp:is_sticky>
      <wp:postmeta>
        <wp:meta_key><![CDATA[_edit_last]]></wp:meta_key>
        <wp:meta_value><![CDATA[1]]></wp:meta_value>
      </wp:postmeta>
      <wp:postmeta>
        <wp:meta_key><![CDATA[column_option]]></wp:meta_key>
        <wp:meta_value><![CDATA[weekday]]></wp:meta_value>
      </wp:postmeta>
      <wp:postmeta>
        <wp:meta_key><![CDATA[weekday]]></wp:meta_key>
        <wp:meta_value><![CDATA[tuesday]]></wp:meta_value>
      </wp:postmeta>
    </item>
    <item>
      <title>Mittwochs</title>
      <link>https://test.eintracht-wiesbaden.de/timetable/column/mittwochs/</link>
      <pubDate>Sun, 11 Jul 2021 18:42:00 +0000</pubDate>
      <dc:creator><![CDATA[admin]]></dc:creator>
      <guid isPermaLink=\\"false\\">https://test.eintracht-wiesbaden.de/?post_type=mp-column&amp;amp;#038;p=3035</guid>
      <description/>
      <content:encoded/>
      <excerpt:encoded/>
      <wp:post_id>3035</wp:post_id>
      <wp:post_date><![CDATA[2021-07-11 20:42:00]]></wp:post_date>
      <wp:post_date_gmt><![CDATA[2021-07-11 18:42:00]]></wp:post_date_gmt>
      <wp:comment_status><![CDATA[closed]]></wp:comment_status>
      <wp:ping_status><![CDATA[closed]]></wp:ping_status>
      <wp:post_name><![CDATA[mittwochs]]></wp:post_name>
      <wp:status><![CDATA[publish]]></wp:status>
      <wp:post_parent>0</wp:post_parent>
      <wp:menu_order>0</wp:menu_order>
      <wp:post_type><![CDATA[mp-column]]></wp:post_type>
      <wp:post_password/>
      <wp:is_sticky>0</wp:is_sticky>
      <wp:postmeta>
        <wp:meta_key><![CDATA[_edit_last]]></wp:meta_key>
        <wp:meta_value><![CDATA[1]]></wp:meta_value>
      </wp:postmeta>
      <wp:postmeta>
        <wp:meta_key><![CDATA[column_option]]></wp:meta_key>
        <wp:meta_value><![CDATA[weekday]]></wp:meta_value>
      </wp:postmeta>
      <wp:postmeta>
        <wp:meta_key><![CDATA[weekday]]></wp:meta_key>
        <wp:meta_value><![CDATA[wednesday]]></wp:meta_value>
      </wp:postmeta>
    </item>
    <item>
      <title>Donnerstags</title>
      <link>https://test.eintracht-wiesbaden.de/timetable/column/donnerstags/</link>
      <pubDate>Sun, 11 Jul 2021 18:42:20 +0000</pubDate>
      <dc:creator><![CDATA[admin]]></dc:creator>
      <guid isPermaLink=\\"false\\">https://test.eintracht-wiesbaden.de/?post_type=mp-column&amp;amp;#038;p=3036</guid>
      <description/>
      <content:encoded/>
      <excerpt:encoded/>
      <wp:post_id>3036</wp:post_id>
      <wp:post_date><![CDATA[2021-07-11 20:42:20]]></wp:post_date>
      <wp:post_date_gmt><![CDATA[2021-07-11 18:42:20]]></wp:post_date_gmt>
      <wp:comment_status><![CDATA[closed]]></wp:comment_status>
      <wp:ping_status><![CDATA[closed]]></wp:ping_status>
      <wp:post_name><![CDATA[donnerstags]]></wp:post_name>
      <wp:status><![CDATA[publish]]></wp:status>
      <wp:post_parent>0</wp:post_parent>
      <wp:menu_order>0</wp:menu_order>
      <wp:post_type><![CDATA[mp-column]]></wp:post_type>
      <wp:post_password/>
      <wp:is_sticky>0</wp:is_sticky>
      <wp:postmeta>
        <wp:meta_key><![CDATA[_edit_last]]></wp:meta_key>
        <wp:meta_value><![CDATA[1]]></wp:meta_value>
      </wp:postmeta>
      <wp:postmeta>
        <wp:meta_key><![CDATA[column_option]]></wp:meta_key>
        <wp:meta_value><![CDATA[weekday]]></wp:meta_value>
      </wp:postmeta>
      <wp:postmeta>
        <wp:meta_key><![CDATA[weekday]]></wp:meta_key>
        <wp:meta_value><![CDATA[thursday]]></wp:meta_value>
      </wp:postmeta>
    </item>
    <item>
      <title>Freitags</title>
      <link>https://test.eintracht-wiesbaden.de/timetable/column/freitags/</link>
      <pubDate>Sun, 11 Jul 2021 18:42:30 +0000</pubDate>
      <dc:creator><![CDATA[admin]]></dc:creator>
      <guid isPermaLink=\\"false\\">https://test.eintracht-wiesbaden.de/?post_type=mp-column&amp;amp;#038;p=3037</guid>
      <description/>
      <content:encoded/>
      <excerpt:encoded/>
      <wp:post_id>3037</wp:post_id>
      <wp:post_date><![CDATA[2021-07-11 20:42:30]]></wp:post_date>
      <wp:post_date_gmt><![CDATA[2021-07-11 18:42:30]]></wp:post_date_gmt>
      <wp:comment_status><![CDATA[closed]]></wp:comment_status>
      <wp:ping_status><![CDATA[closed]]></wp:ping_status>
      <wp:post_name><![CDATA[freitags]]></wp:post_name>
      <wp:status><![CDATA[publish]]></wp:status>
      <wp:post_parent>0</wp:post_parent>
      <wp:menu_order>0</wp:menu_order>
      <wp:post_type><![CDATA[mp-column]]></wp:post_type>
      <wp:post_password/>
      <wp:is_sticky>0</wp:is_sticky>
      <wp:postmeta>
        <wp:meta_key><![CDATA[_edit_last]]></wp:meta_key>
        <wp:meta_value><![CDATA[1]]></wp:meta_value>
      </wp:postmeta>
      <wp:postmeta>
        <wp:meta_key><![CDATA[column_option]]></wp:meta_key>
        <wp:meta_value><![CDATA[weekday]]></wp:meta_value>
      </wp:postmeta>
      <wp:postmeta>
        <wp:meta_key><![CDATA[weekday]]></wp:meta_key>
        <wp:meta_value><![CDATA[friday]]></wp:meta_value>
      </wp:postmeta>
    </item>
    <item>
      <title>Samstags</title>
      <link>https://test.eintracht-wiesbaden.de/timetable/column/samstags/</link>
      <pubDate>Sun, 11 Jul 2021 18:43:01 +0000</pubDate>
      <dc:creator><![CDATA[admin]]></dc:creator>
      <guid isPermaLink=\\"false\\">https://test.eintracht-wiesbaden.de/?post_type=mp-column&amp;amp;#038;p=3039</guid>
      <description/>
      <content:encoded/>
      <excerpt:encoded/>
      <wp:post_id>3039</wp:post_id>
      <wp:post_date><![CDATA[2021-07-11 20:43:01]]></wp:post_date>
      <wp:post_date_gmt><![CDATA[2021-07-11 18:43:01]]></wp:post_date_gmt>
      <wp:comment_status><![CDATA[closed]]></wp:comment_status>
      <wp:ping_status><![CDATA[closed]]></wp:ping_status>
      <wp:post_name><![CDATA[samstags]]></wp:post_name>
      <wp:status><![CDATA[publish]]></wp:status>
      <wp:post_parent>0</wp:post_parent>
      <wp:menu_order>0</wp:menu_order>
      <wp:post_type><![CDATA[mp-column]]></wp:post_type>
      <wp:post_password/>
      <wp:is_sticky>0</wp:is_sticky>
      <wp:postmeta>
        <wp:meta_key><![CDATA[_edit_last]]></wp:meta_key>
        <wp:meta_value><![CDATA[1]]></wp:meta_value>
      </wp:postmeta>
      <wp:postmeta>
        <wp:meta_key><![CDATA[column_option]]></wp:meta_key>
        <wp:meta_value><![CDATA[weekday]]></wp:meta_value>
      </wp:postmeta>
      <wp:postmeta>
        <wp:meta_key><![CDATA[weekday]]></wp:meta_key>
        <wp:meta_value><![CDATA[saturday]]></wp:meta_value>
      </wp:postmeta>
    </item>
    <item>
      <title>Sonntags</title>
      <link>https://test.eintracht-wiesbaden.de/timetable/column/sonntags/</link>
      <pubDate>Sun, 11 Jul 2021 18:43:11 +0000</pubDate>
      <dc:creator><![CDATA[admin]]></dc:creator>
      <guid isPermaLink=\\"false\\">https://test.eintracht-wiesbaden.de/?post_type=mp-column&amp;amp;#038;p=3038</guid>
      <description/>
      <content:encoded/>
      <excerpt:encoded/>
      <wp:post_id>3038</wp:post_id>
      <wp:post_date><![CDATA[2021-07-11 20:43:11]]></wp:post_date>
      <wp:post_date_gmt><![CDATA[2021-07-11 18:43:11]]></wp:post_date_gmt>
      <wp:comment_status><![CDATA[closed]]></wp:comment_status>
      <wp:ping_status><![CDATA[closed]]></wp:ping_status>
      <wp:post_name><![CDATA[sonntags]]></wp:post_name>
      <wp:status><![CDATA[publish]]></wp:status>
      <wp:post_parent>0</wp:post_parent>
      <wp:menu_order>0</wp:menu_order>
      <wp:post_type><![CDATA[mp-column]]></wp:post_type>
      <wp:post_password/>
      <wp:is_sticky>0</wp:is_sticky>
      <wp:postmeta>
        <wp:meta_key><![CDATA[_edit_last]]></wp:meta_key>
        <wp:meta_value><![CDATA[1]]></wp:meta_value>
      </wp:postmeta>
      <wp:postmeta>
        <wp:meta_key><![CDATA[column_option]]></wp:meta_key>
        <wp:meta_value><![CDATA[weekday]]></wp:meta_value>
      </wp:postmeta>
      <wp:postmeta>
        <wp:meta_key><![CDATA[weekday]]></wp:meta_key>
        <wp:meta_value><![CDATA[sunday]]></wp:meta_value>
      </wp:postmeta>
    </item>
    <item>
      <title>Karate</title>
      <link>https://test.eintracht-wiesbaden.de/timetable/event/uebungsplan/</link>
      <pubDate>Sun, 11 Jul 2021 18:38:22 +0000</pubDate>
      <dc:creator><![CDATA[admin]]></dc:creator>
      <guid isPermaLink=\\"false\\">https://test.eintracht-wiesbaden.de/?post_type=mp-event&amp;amp;#038;p=3032</guid>
      <description/>
      <content:encoded/>
      <excerpt:encoded/>
      <wp:post_id>3032</wp:post_id>
      <wp:post_date><![CDATA[2021-07-11 20:38:22]]></wp:post_date>
      <wp:post_date_gmt><![CDATA[2021-07-11 18:38:22]]></wp:post_date_gmt>
      <wp:comment_status><![CDATA[open]]></wp:comment_status>
      <wp:ping_status><![CDATA[closed]]></wp:ping_status>
      <wp:post_name><![CDATA[karate]]></wp:post_name>
      <wp:status><![CDATA[publish]]></wp:status>
      <wp:post_parent>0</wp:post_parent>
      <wp:menu_order>0</wp:menu_order>
      <wp:post_type><![CDATA[mp-event]]></wp:post_type>
      <wp:post_password/>
      <wp:is_sticky>0</wp:is_sticky>
      <wp:postmeta>
        <wp:meta_key><![CDATA[_edit_last]]></wp:meta_key>
        <wp:meta_value><![CDATA[1]]></wp:meta_value>
      </wp:postmeta>
      <wp:postmeta>
        <wp:meta_key><![CDATA[sub_title]]></wp:meta_key>
        <wp:meta_value/>
      </wp:postmeta>
      <wp:postmeta>
        <wp:meta_key><![CDATA[color]]></wp:meta_key>
        <wp:meta_value><![CDATA[rgb(241, 194, 50)]]></wp:meta_value>
      </wp:postmeta>
      <wp:postmeta>
        <wp:meta_key><![CDATA[hover_color]]></wp:meta_key>
        <wp:meta_value/>
      </wp:postmeta>
      <wp:postmeta>
        <wp:meta_key><![CDATA[text_color]]></wp:meta_key>
        <wp:meta_value/>
      </wp:postmeta>
      <wp:postmeta>
        <wp:meta_key><![CDATA[hover_text_color]]></wp:meta_key>
        <wp:meta_value/>
      </wp:postmeta>
      <wp:postmeta>
        <wp:meta_key><![CDATA[timetable_custom_url]]></wp:meta_key>
        <wp:meta_value/>
      </wp:postmeta>
      <wp:postmeta>
        <wp:meta_key><![CDATA[timetable_disable_url]]></wp:meta_key>
        <wp:meta_value><![CDATA[1]]></wp:meta_value>
      </wp:postmeta>
    </item>
    <item>
      <title>Tischtennis</title>
      <link>https://test.eintracht-wiesbaden.de/timetable/event/uebungsplan/</link>
      <pubDate>Sun, 11 Jul 2021 18:38:22 +0000</pubDate>
      <dc:creator><![CDATA[admin]]></dc:creator>
      <guid isPermaLink=\\"false\\">https://test.eintracht-wiesbaden.de/?post_type=mp-event&amp;amp;#038;p=3032</guid>
      <description/>
      <content:encoded/>
      <excerpt:encoded/>
      <wp:post_id>3052</wp:post_id>
      <wp:post_date><![CDATA[2021-07-11 20:38:22]]></wp:post_date>
      <wp:post_date_gmt><![CDATA[2021-07-11 18:38:22]]></wp:post_date_gmt>
      <wp:comment_status><![CDATA[open]]></wp:comment_status>
      <wp:ping_status><![CDATA[closed]]></wp:ping_status>
      <wp:post_name><![CDATA[tischtennis]]></wp:post_name>
      <wp:status><![CDATA[publish]]></wp:status>
      <wp:post_parent>0</wp:post_parent>
      <wp:menu_order>0</wp:menu_order>
      <wp:post_type><![CDATA[mp-event]]></wp:post_type>
      <wp:post_password/>
      <wp:is_sticky>0</wp:is_sticky>
      <wp:postmeta>
        <wp:meta_key><![CDATA[_edit_last]]></wp:meta_key>
        <wp:meta_value><![CDATA[1]]></wp:meta_value>
      </wp:postmeta>
      <wp:postmeta>
        <wp:meta_key><![CDATA[sub_title]]></wp:meta_key>
        <wp:meta_value/>
      </wp:postmeta>
      <wp:postmeta>
        <wp:meta_key><![CDATA[color]]></wp:meta_key>
        <wp:meta_value><![CDATA[rgb(241, 194, 50)]]></wp:meta_value>
      </wp:postmeta>
      <wp:postmeta>
        <wp:meta_key><![CDATA[hover_color]]></wp:meta_key>
        <wp:meta_value/>
      </wp:postmeta>
      <wp:postmeta>
        <wp:meta_key><![CDATA[text_color]]></wp:meta_key>
        <wp:meta_value/>
      </wp:postmeta>
      <wp:postmeta>
        <wp:meta_key><![CDATA[hover_text_color]]></wp:meta_key>
        <wp:meta_value/>
      </wp:postmeta>
      <wp:postmeta>
        <wp:meta_key><![CDATA[timetable_custom_url]]></wp:meta_key>
        <wp:meta_value/>
      </wp:postmeta>
      <wp:postmeta>
        <wp:meta_key><![CDATA[timetable_disable_url]]></wp:meta_key>
        <wp:meta_value><![CDATA[1]]></wp:meta_value>
      </wp:postmeta>
    </item>
    <timeslot>
      <column><![CDATA[3033]]></column>
      <event><![CDATA[3032]]></event>
      <event_start><![CDATA[17:45:00]]></event_start>
      <event_end><![CDATA[19:15:00]]></event_end>
      <user_id><![CDATA[-1]]></user_id>
      <description><![CDATA[Erwachsene]]></description>
    </timeslot>
    <timeslot>
      <column><![CDATA[3034]]></column>
      <event><![CDATA[3032]]></event>
      <event_start><![CDATA[20:00:00]]></event_start>
      <event_end><![CDATA[22:00:00]]></event_end>
      <user_id><![CDATA[-1]]></user_id>
      <description><![CDATA[Erwachsene]]></description>
    </timeslot>
    <timeslot>
      <column><![CDATA[3037]]></column>
      <event><![CDATA[3032]]></event>
      <event_start><![CDATA[20:00:00]]></event_start>
      <event_end><![CDATA[22:00:00]]></event_end>
      <user_id><![CDATA[-1]]></user_id>
      <description><![CDATA[Erwachsene]]></description>
    </timeslot>
    <timeslot>
      <column><![CDATA[3034]]></column>
      <event><![CDATA[3032]]></event>
      <event_start><![CDATA[17:15:00]]></event_start>
      <event_end><![CDATA[18:15:00]]></event_end>
      <user_id><![CDATA[-1]]></user_id>
      <description><![CDATA[Jugendliche]]></description>
    </timeslot>
    <timeslot>
      <column><![CDATA[3037]]></column>
      <event><![CDATA[3032]]></event>
      <event_start><![CDATA[17:15:00]]></event_start>
      <event_end><![CDATA[18:15:00]]></event_end>
      <user_id><![CDATA[-1]]></user_id>
      <description><![CDATA[Jugendliche]]></description>
    </timeslot>
    <timeslot>
      <column><![CDATA[3034]]></column>
      <event><![CDATA[3032]]></event>
      <event_start><![CDATA[16:00:00]]></event_start>
      <event_end><![CDATA[17:00:00]]></event_end>
      <user_id><![CDATA[-1]]></user_id>
      <description><![CDATA[Kinder]]></description>
    </timeslot>
    <timeslot>
      <column><![CDATA[3037]]></column>
      <event><![CDATA[3032]]></event>
      <event_start><![CDATA[16:00:00]]></event_start>
      <event_end><![CDATA[18:00:00]]></event_end>
      <user_id><![CDATA[-1]]></user_id>
      <description><![CDATA[Kinder]]></description>
    </timeslot>
    <timeslot>
      <column><![CDATA[3033]]></column>
      <event><![CDATA[3052]]></event>
      <event_start><![CDATA[18:00:00]]></event_start>
      <event_end><![CDATA[20:00:00]]></event_end>
      <user_id><![CDATA[-1]]></user_id>
      <description><![CDATA[Hobbygruppe]]></description>
    </timeslot>
    <timeslot>
      <column><![CDATA[3034]]></column>
      <event><![CDATA[3052]]></event>
      <event_start><![CDATA[18:00:00]]></event_start>
      <event_end><![CDATA[18:45:00]]></event_end>
      <user_id><![CDATA[-1]]></user_id>
      <description><![CDATA[Jugend-Leistungsgruppe]]></description>
    </timeslot>
    <timeslot>
      <column><![CDATA[3034]]></column>
      <event><![CDATA[3052]]></event>
      <event_start><![CDATA[20:00:00]]></event_start>
      <event_end><![CDATA[22:00:00]]></event_end>
      <user_id><![CDATA[-1]]></user_id>
      <description><![CDATA[Erwachsene]]></description>
    </timeslot>
    <timeslot>
      <column><![CDATA[3035]]></column>
      <event><![CDATA[3052]]></event>
      <event_start><![CDATA[18:00:00]]></event_start>
      <event_end><![CDATA[19:45:00]]></event_end>
      <user_id><![CDATA[-1]]></user_id>
      <description><![CDATA[Kinder/Jugend]]></description>
    </timeslot>
    <timeslot>
      <column><![CDATA[3035]]></column>
      <event><![CDATA[3052]]></event>
      <event_start><![CDATA[20:00:00]]></event_start>
      <event_end><![CDATA[22:00:00]]></event_end>
      <user_id><![CDATA[-1]]></user_id>
      <description><![CDATA[Herren]]></description>
    </timeslot>
    <timeslot>
      <column><![CDATA[3036]]></column>
      <event><![CDATA[3052]]></event>
      <event_start><![CDATA[18:00:00]]></event_start>
      <event_end><![CDATA[22:00:00]]></event_end>
      <user_id><![CDATA[-1]]></user_id>
      <description><![CDATA[Herren]]></description>
    </timeslot>
    <timeslot>
      <column><![CDATA[3037]]></column>
      <event><![CDATA[3052]]></event>
      <event_start><![CDATA[18:00:00]]></event_start>
      <event_end><![CDATA[19:30:00]]></event_end>
      <user_id><![CDATA[-1]]></user_id>
      <description><![CDATA[Kinder/Jugend]]></description>
    </timeslot>
    <timeslot>
      <column><![CDATA[3037]]></column>
      <event><![CDATA[3052]]></event>
      <event_start><![CDATA[19:45:00]]></event_start>
      <event_end><![CDATA[22:00:00]]></event_end>
      <user_id><![CDATA[-1]]></user_id>
      <description><![CDATA[Herren]]></description>
    </timeslot>
    <timeslot>
      <column><![CDATA[3039]]></column>
      <event><![CDATA[3052]]></event>
      <event_start><![CDATA[13:00:00]]></event_start>
      <event_end><![CDATA[17:00:00]]></event_end>
      <user_id><![CDATA[-1]]></user_id>
      <description><![CDATA[Hobbygruppe]]></description>
    </timeslot>
  </channel>
</rss>"
`;
